// Vitest Snapshot v1, https://vitest.dev/guide/snapshot.html

exports[`initial test > first test 1`] = `
<div>
  <h1>
    Hello World
  </h1>
</div>
`;
